[debug] [2026-04-04T21:11:24.037Z] ----------------------------------------------------------------------
[debug] [2026-04-04T21:11:24.041Z] Command:       C:\Program Files\nodejs\node.exe C:\Users\netha\AppData\Roaming\npm\node_modules\firebase-tools\lib\bin\firebase.js init hosting
[debug] [2026-04-04T21:11:24.042Z] CLI Version:   15.13.0
[debug] [2026-04-04T21:11:24.042Z] Platform:      win32
[debug] [2026-04-04T21:11:24.043Z] Node Version:  v24.14.1
[debug] [2026-04-04T21:11:24.043Z] Time:          Sat Apr 04 2026 21:11:24 GMT+0000 (heure moyenne de Greenwich)
[debug] [2026-04-04T21:11:24.043Z] ----------------------------------------------------------------------
[debug] 
[info] 
     ######## #### ########  ######## ########     ###     ######  ########
     ##        ##  ##     ## ##       ##     ##  ##   ##  ##       ##
     ######    ##  ########  ######   ########  #########  ######  ######
     ##        ##  ##    ##  ##       ##     ## ##     ##       ## ##
     ##       #### ##     ## ######## ########  ##     ##  ######  ########

You're about to initialize a Firebase project in this directory:

  C:\Users\netha\Dev\portfolio-main

[info] 
=== Project Setup
[info] 
[info] First, let's associate this project directory with a Firebase project.
[info] You can create multiple project aliases by running firebase use --add, 
[info] 
[debug] [2026-04-04T21:11:28.258Z] > command requires scopes: ["email","openid","https://www.googleapis.com/auth/cloudplatformprojects.readonly","https://www.googleapis.com/auth/firebase","https://www.googleapis.com/auth/cloud-platform"]
[debug] [2026-04-04T21:11:28.259Z] > authorizing via signed-in user (nethaniahdjossou@gmail.com)
[debug] [2026-04-04T21:11:28.260Z] Checked if tokens are valid: true, expires at: 1775339710004
[debug] [2026-04-04T21:11:28.260Z] Checked if tokens are valid: true, expires at: 1775339710004
[debug] [2026-04-04T21:11:28.262Z] >>> [apiv2][query] GET https://firebase.googleapis.com/v1beta1/projects/light-djos [none]
[debug] [2026-04-04T21:11:28.811Z] <<< [apiv2][status] GET https://firebase.googleapis.com/v1beta1/projects/light-djos 200
[debug] [2026-04-04T21:11:28.811Z] <<< [apiv2][body] GET https://firebase.googleapis.com/v1beta1/projects/light-djos {"projectId":"light-djos","projectNumber":"1774544545","displayName":"light-djos","name":"projects/light-djos","resources":{"hostingSite":"light-djos"},"state":"ACTIVE","etag":"1_5cd52557-0547-4a19-bc12-978dc81a34c2"}
[info] i  Using project light-djos (light-djos) . 
[info] 
=== Hosting Setup
[debug] [2026-04-04T21:11:29.175Z] SyntaxError: Expected property name or '}' in JSON at position 243 (line 13 column 1)
    at JSON.parse (<anonymous>)
    at getConfig (C:\Users\netha\AppData\Roaming\npm\node_modules\firebase-tools\lib\frameworks\express\index.js:19:30)
    at async discover (C:\Users\netha\AppData\Roaming\npm\node_modules\firebase-tools\lib\frameworks\express\index.js:27:43)
    at async discover (C:\Users\netha\AppData\Roaming\npm\node_modules\firebase-tools\lib\frameworks\index.js:50:32)
    at async Object.askQuestions (C:\Users\netha\AppData\Roaming\npm\node_modules\firebase-tools\lib\init\features\hosting\index.js:23:33)
    at async init (C:\Users\netha\AppData\Roaming\npm\node_modules\firebase-tools\lib\init\index.js:102:17)
    at async Command.initAction [as actionFn] (C:\Users\netha\AppData\Roaming\npm\node_modules\firebase-tools\lib\commands\init.js:232:5)
[error] 
[error] Error: An unexpected error has occurred.
